// Jest Snapshot v1, https://goo.gl/fbAQLP

exports[`<CurrencyPicker /> should render correctly 1`] = `
<DocumentFragment>
  <div
    class="wrapper"
  >
    <label
      class="label"
    >
      <span
        class="labelText"
      >
        From
      </span>
      <select
        class="select"
        data-testid="currency-picker-from"
      >
        <option
          value="USD"
        >
          ðŸ‡ºðŸ‡¸ USD - US Dollar
        </option>
        <option
          value="SGD"
        >
          ðŸ‡¸ðŸ‡¬ SGD - Singapore Dollar
        </option>
        <option
          value="JPY"
        >
          ðŸ‡¯ðŸ‡µ JPY - Japanese Yen
        </option>
        <option
          value="EUR"
        >
          ðŸ‡ªðŸ‡º EUR - Euro
        </option>
      </select>
    </label>
    <button
      class="button"
      data-testid="currency-picker-reverse"
    />
    <label
      class="label"
    >
      <span
        class="labelText"
      >
        To
      </span>
      <select
        class="select"
        data-testid="currency-picker-to"
      >
        <option
          value="USD"
        >
          ðŸ‡ºðŸ‡¸ USD - US Dollar
        </option>
        <option
          value="SGD"
        >
          ðŸ‡¸ðŸ‡¬ SGD - Singapore Dollar
        </option>
        <option
          value="JPY"
        >
          ðŸ‡¯ðŸ‡µ JPY - Japanese Yen
        </option>
        <option
          value="EUR"
        >
          ðŸ‡ªðŸ‡º EUR - Euro
        </option>
      </select>
    </label>
  </div>
</DocumentFragment>
`;
